// Jest Snapshot v1, https://goo.gl/fbAQLP

exports[`preview_button component matches the snapshot 1`] = `
ShallowWrapper {
  "complexSelector": ComplexSelector {
    "buildPredicate": [Function],
    "childrenOfNode": [Function],
    "findWhereUnwrapped": [Function],
  },
  "length": 1,
  "node": <button
    aria-describedby="preview-"
    className="au-c-btn au-c-btn--square au-c-table__btn  is-inactive"
    disabled={true}
    onClick={[Function]}
    onFocus={[Function]}
>
    <span
        id="preview-"
        role="tooltip"
    />
    <i
        aria-label=""
        className="material-icons"
    >
        remove_red_eye
    </i>
</button>,
  "nodes": Array [
    <button
      aria-describedby="preview-"
      className="au-c-btn au-c-btn--square au-c-table__btn  is-inactive"
      disabled={true}
      onClick={[Function]}
      onFocus={[Function]}
>
      <span
            id="preview-"
            role="tooltip"
      />
      <i
            aria-label=""
            className="material-icons"
      >
            remove_red_eye
      </i>
</button>,
  ],
  "options": Object {},
  "renderer": ReactShallowRenderer {
    "_instance": ShallowComponentWrapper {
      "_calledComponentWillUnmount": false,
      "_compositeType": 2,
      "_context": Object {},
      "_currentElement": <PreviewButton
        assessment={
                Object {
                        "bankId": "",
                        "id": "",
                        "isPublished": false,
                      }
        }
        localizeStrings={[Function]}
        onFocus={[Function]}
/>,
      "_debugID": 1,
      "_hostContainerInfo": null,
      "_hostParent": null,
      "_instance": StatelessComponent {
        "_reactInternalInstance": [Circular],
        "context": Object {},
        "props": Object {
          "assessment": Object {
            "bankId": "",
            "id": "",
            "isPublished": false,
          },
          "localizeStrings": [Function],
          "onFocus": [Function],
        },
        "refs": Object {},
        "state": null,
        "updater": Object {
          "enqueueCallback": [Function],
          "enqueueCallbackInternal": [Function],
          "enqueueElementInternal": [Function],
          "enqueueForceUpdate": [Function],
          "enqueueReplaceState": [Function],
          "enqueueSetState": [Function],
          "isMounted": [Function],
          "validateCallback": [Function],
        },
      },
      "_mountOrder": 1,
      "_pendingCallbacks": null,
      "_pendingElement": null,
      "_pendingForceUpdate": false,
      "_pendingReplaceState": false,
      "_pendingStateQueue": null,
      "_renderedComponent": NoopInternalComponent {
        "_currentElement": <button
          aria-describedby="preview-"
          className="au-c-btn au-c-btn--square au-c-table__btn  is-inactive"
          disabled={true}
          onClick={[Function]}
          onFocus={[Function]}
>
          <span
                    id="preview-"
                    role="tooltip"
          />
          <i
                    aria-label=""
                    className="material-icons"
          >
                    remove_red_eye
          </i>
</button>,
        "_debugID": 2,
        "_renderedOutput": <button
          aria-describedby="preview-"
          className="au-c-btn au-c-btn--square au-c-table__btn  is-inactive"
          disabled={true}
          onClick={[Function]}
          onFocus={[Function]}
>
          <span
                    id="preview-"
                    role="tooltip"
          />
          <i
                    aria-label=""
                    className="material-icons"
          >
                    remove_red_eye
          </i>
</button>,
      },
      "_renderedNodeType": 0,
      "_rootNodeID": 0,
      "_topLevelWrapper": null,
      "_updateBatchNumber": null,
      "_warnedAboutRefsInRender": false,
    },
    "getRenderOutput": [Function],
    "render": [Function],
  },
  "root": [Circular],
  "unrendered": <PreviewButton
    assessment={
        Object {
            "bankId": "",
            "id": "",
            "isPublished": false,
          }
    }
    localizeStrings={[Function]}
    onFocus={[Function]}
/>,
}
`;
